== UI BEHAVIOUR: driving the real Kodro bundle through cap.html (headless Chrome) ==

== UI BEHAVIOUR: per-concern asserts on the real bundle ==
PASS  blocks-insert        blocks inserted code (editor textarea now contains "move_forward")
PASS  error-path           error path surfaced a "cline err" console line: "Line 1: Kodro does not know a command called nope_undefined_var."
PASS  world-earth          earth -> "Deployed on Earth" (matches "Earth")
PASS  world-lab            lab -> "Deployed on Robotics Lab - Test Bay" (matches "Robotics Lab")
PASS  world-warehouse      warehouse -> "Deployed on Warehouse Test Zone" (matches "Warehouse Test Zone")
PASS  site-switch          scene rebuilt for the site (marker data-world="earth:japan" present)
PASS  repl-recovery        REPL error surfaced AND the next editor run still printed "Program finished."
PASS  repl-no-halt         REPL error surfaced with no Halted pill and no editor line highlight
PASS  realism-live-world   Environment card names the on-screen world (Abyssal / underwater preset)
PASS  agents-at-site       Realism reports 3 moving agents at the Sahara site (site-keyed gate agrees)
PASS  build-honesty        sensorless build: telemetry shows NO RANGE SENSOR, hint greys distance(), base commands stay live
PASS  status-agree         after a crash both surfaces show the same label (mission bar "Halted", telemetry "HALTED")
PASS  nothing-ran          empty program yields the honest "Nothing ran" verdict
PASS  vibe-memory-chip     Vibe shows the seeded reflection as a visible Memory context chip
PASS  memory-export        Memory panel carries the wired Export control (and its Import twin)
PASS  memory-graph         Memory graph rendered from seeded memory (3 nodes, 2 edges, world hub present)
PASS  chat-build           a "build a mars rover" chat command built the robot and moved the world to Mars (visible action line)
PASS  chat-repair          offline collision help produced a project-backed, validated sensor repair with explicit Apply/Discard controls
PASS  lesson-goals         lesson card shows the grader criteria as a goal checklist pre-run, with help on request
PASS  light-hud            light-theme HUD text stays light on the dark glass (world-switch luminance 0.87)
PASS  goal-marker          goal beacon built into the live scene (data-goal marker present)
PASS  studio-mode          studio mode: Mode control present, zero classroom strings (teacher/report/novelty themes hidden)
PASS  classroom-mode       classroom mode restores the teacher dashboard row and the novelty themes
PASS  stage-journey        Design → Test → Build navigation is stateful and hosted Build requires saved evidence before exporting its prototype brief
PASS  pupil-records        browser register renders a real heatmap row ("This device") with a non-zero concept cell (sequence 80%)
PASS  tweaks-panel         Scene tweaks row opens the tweaks panel (panel + close control rendered)
PASS  run-replay           two seeded replays reproduce distance+battery exactly (1.3 m|1% batt), random()-dependent program
PASS  predict-trace        prediction is marked against the odometer with its direction, and the run recorded a per-instruction trace ending at 1 m
PASS  narration            the arena is described out loud before any run, and matches the world the grader marks
PASS  authored-lesson      a lesson authored on this device opens by title, is badged, renders its own goals, and seeds its own arena (1 rock on mars)
PASS  custom-world         custom world renders; density drives the obstacle field (sparse 5 -> dense 18)
PASS  lessons-entry        More Tools then Lessons opens the curriculum library with mission cards, progress and the quick-switch picker
PASS  first-run-clean      default city first Run drove 9.0m clean (no HALTED) and printed its report (attempt 1)
PASS  revert-apply         Revert restored the pre-apply starter program after a blocks insert
PASS  spec-import          imported KRS spec shows the Measured build banner (1.02 m/s motor-derived top speed, HONOURED badge)
PASS  fidelity-card        Realism dashboard lists all three fidelity tiers (SI4 disclosure card)
PASS  encore-run           encore.py tab opened and the show ran (Act I console line printed)

== UI BEHAVIOUR: 0/0 flows clean · 37/37 behaviour or layout asserts pass · 0/0 modals render ==
