This is pdfTeX, Version 3.141592653-2.6-1.40.28 (MiKTeX 25.12) (preloaded format=pdflatex.fmt)
 restricted \write18 enabled.
entering extended mode
(Kodro_Dissertation.tex
LaTeX2e <2025-11-01>
L3 programming layer <2025-12-24>
(C:\Users\lalwa\AppData\Local\Programs\MiKTeX\tex/latex/base\report.cls
Document Class: report 2025/01/22 v1.4n Standard LaTeX document class
(C:\Users\lalwa\AppData\Local\Programs\MiKTeX\tex/latex/base\size11.clo))
(C:\Users\lalwa\AppData\Local\Programs\MiKTeX\tex/latex/geometry\geometry.sty
(C:\Users\lalwa\AppData\Local\Programs\MiKTeX\tex/latex/graphics\keyval.sty)
(C:\Users\lalwa\AppData\Local\Programs\MiKTeX\tex/generic/iftex\ifvtex.sty
(C:\Users\lalwa\AppData\Local\Programs\MiKTeX\tex/generic/iftex\iftex.sty))
(C:\Users\lalwa\AppData\Local\Programs\MiKTeX\tex/latex/geometry\geometry.cfg))
(C:\Users\lalwa\AppData\Local\Programs\MiKTeX\tex/latex/base\fontenc.sty)
(C:\Users\lalwa\AppData\Local\Programs\MiKTeX\tex/latex/lm\lmodern.sty)
(C:\Users\lalwa\AppData\Local\Programs\MiKTeX\tex/latex/microtype\microtype.sty
(C:\Users\lalwa\AppData\Local\Programs\MiKTeX\tex/latex/etoolbox\etoolbox.sty)
(C:\Users\lalwa\AppData\Local\Programs\MiKTeX\tex/latex/microtype\microtype-pdf
tex.def)
(C:\Users\lalwa\AppData\Local\Programs\MiKTeX\tex/latex/microtype\microtype.cfg
))
(C:\Users\lalwa\AppData\Local\Programs\MiKTeX\tex/latex/graphics\graphicx.sty
(C:\Users\lalwa\AppData\Local\Programs\MiKTeX\tex/latex/graphics\graphics.sty
(C:\Users\lalwa\AppData\Local\Programs\MiKTeX\tex/latex/graphics\trig.sty)
(C:\Users\lalwa\AppData\Local\Programs\MiKTeX\tex/latex/graphics-cfg\graphics.c
fg)
(C:\Users\lalwa\AppData\Local\Programs\MiKTeX\tex/latex/graphics-def\pdftex.def
)))
(C:\Users\lalwa\AppData\Local\Programs\MiKTeX\tex/latex/booktabs\booktabs.sty)
(C:\Users\lalwa\AppData\Local\Programs\MiKTeX\tex/latex/tools\array.sty)
(C:\Users\lalwa\AppData\Local\Programs\MiKTeX\tex/latex/enumitem\enumitem.sty)
(C:\Users\lalwa\AppData\Local\Programs\MiKTeX\tex/latex/titlesec\titlesec.sty)
(C:\Users\lalwa\AppData\Local\Programs\MiKTeX\tex/latex/titlesec\titletoc.sty)
(C:\Users\lalwa\AppData\Local\Programs\MiKTeX\tex/latex/fancyhdr\fancyhdr.sty)
(C:\Users\lalwa\AppData\Local\Programs\MiKTeX\tex/latex/caption\caption.sty
(C:\Users\lalwa\AppData\Local\Programs\MiKTeX\tex/latex/caption\caption3.sty))
(C:\Users\lalwa\AppData\Local\Programs\MiKTeX\tex/latex/xcolor\xcolor.sty
(C:\Users\lalwa\AppData\Local\Programs\MiKTeX\tex/latex/graphics-cfg\color.cfg)
(C:\Users\lalwa\AppData\Local\Programs\MiKTeX\tex/latex/graphics\mathcolor.ltx)
) (C:\Users\lalwa\AppData\Local\Programs\MiKTeX\tex/latex/listings\listings.sty
(C:\Users\lalwa\AppData\Local\Programs\MiKTeX\tex/latex/listings\lstpatch.sty)
(C:\Users\lalwa\AppData\Local\Programs\MiKTeX\tex/latex/listings\lstmisc.sty)
(C:\Users\lalwa\AppData\Local\Programs\MiKTeX\tex/latex/listings\listings.cfg))
==> First Aid for listings.sty no longer applied!
    Expected:
        2024/09/23 1.10c (Carsten Heinz)
    but found:
        2025/11/14 1.11b (Carsten Heinz)
    so I'm assuming it got fixed.
(C:\Users\lalwa\AppData\Local\Programs\MiKTeX\tex/latex/natbib\natbib.sty)
(C:\Users\lalwa\AppData\Local\Programs\MiKTeX\tex/latex/hyperref\hyperref.sty
(C:\Users\lalwa\AppData\Local\Programs\MiKTeX\tex/latex/kvsetkeys\kvsetkeys.sty
)
(C:\Users\lalwa\AppData\Local\Programs\MiKTeX\tex/generic/kvdefinekeys\kvdefine
keys.sty)
(C:\Users\lalwa\AppData\Local\Programs\MiKTeX\tex/generic/pdfescape\pdfescape.s
ty
(C:\Users\lalwa\AppData\Local\Programs\MiKTeX\tex/generic/ltxcmds\ltxcmds.sty)
(C:\Users\lalwa\AppData\Local\Programs\MiKTeX\tex/generic/pdftexcmds\pdftexcmds
.sty
(C:\Users\lalwa\AppData\Local\Programs\MiKTeX\tex/generic/infwarerr\infwarerr.s
ty)))
(C:\Users\lalwa\AppData\Local\Programs\MiKTeX\tex/latex/hycolor\hycolor.sty)
(C:\Users\lalwa\AppData\Local\Programs\MiKTeX\tex/latex/hyperref\nameref.sty
(C:\Users\lalwa\AppData\Local\Programs\MiKTeX\tex/latex/refcount\refcount.sty)
(C:\Users\lalwa\AppData\Local\Programs\MiKTeX\tex/generic/gettitlestring\gettit
lestring.sty
(C:\Users\lalwa\AppData\Local\Programs\MiKTeX\tex/latex/kvoptions\kvoptions.sty
)))
(C:\Users\lalwa\AppData\Local\Programs\MiKTeX\tex/generic/stringenc\stringenc.s
ty) (C:\Users\lalwa\AppData\Local\Programs\MiKTeX\tex/latex/hyperref\pd1enc.def
) (C:\Users\lalwa\AppData\Local\Programs\MiKTeX\tex/generic/intcalc\intcalc.sty
) (C:\Users\lalwa\AppData\Local\Programs\MiKTeX\tex/latex/hyperref\puenc.def)
(C:\Users\lalwa\AppData\Local\Programs\MiKTeX\tex/latex/url\url.sty)
(C:\Users\lalwa\AppData\Local\Programs\MiKTeX\tex/generic/bitset\bitset.sty
(C:\Users\lalwa\AppData\Local\Programs\MiKTeX\tex/generic/bigintcalc\bigintcalc
.sty)))
(C:\Users\lalwa\AppData\Local\Programs\MiKTeX\tex/latex/hyperref\hpdftex.def
(C:\Users\lalwa\AppData\Local\Programs\MiKTeX\tex/latex/rerunfilecheck\rerunfil
echeck.sty
(C:\Users\lalwa\AppData\Local\Programs\MiKTeX\tex/generic/uniquecounter\uniquec
ounter.sty)))
(C:\Users\lalwa\AppData\Local\Programs\MiKTeX\tex/latex/listings\lstlang1.sty)
(C:\Users\lalwa\AppData\Local\Programs\MiKTeX\tex/latex/lm\t1lmr.fd)
(C:\Users\lalwa\AppData\Local\Programs\MiKTeX\tex/latex/l3backend\l3backend-pdf
tex.def)
No file Kodro_Dissertation.aux.
*geometry* driver: auto-detecting
*geometry* detected driver: pdftex
(C:\Users\lalwa\AppData\Local\Programs\MiKTeX\tex/latex/microtype\mt-cmr.cfg)
(C:\Users\lalwa\AppData\Local\Programs\MiKTeX\tex/context/base/mkii\supp-pdf.mk
ii
[Loading MPS to PDF converter (version 2006.09.02).]
)
(C:\Users\lalwa\AppData\Local\Programs\MiKTeX\tex/latex/epstopdf-pkg\epstopdf-b
ase.sty
(C:\Users\lalwa\AppData\Local\Programs\MiKTeX\tex/latex/00miktex\epstopdf-sys.c
fg)) [1{C:/Users/lalwa/AppData/Local/MiKTeX/fonts/map/pdftex/pdftex.map}{C:/Use
rs/lalwa/AppData/Local/Programs/MiKTeX/fonts/enc/dvips/lm/lm-ec.enc} <./img/uol
_logo.png>] [2] [3] [4]
No file Kodro_Dissertation.toc.
[5]
No file Kodro_Dissertation.lof.
[6]
No file Kodro_Dissertation.lot.
[7]
Chapter 1.

pdfTeX warning (ext4): destination with the same identifier (name{page.1}) has 
been already used, duplicate ignored
<to be read again> 
                   \relax 
l.159 
       [1] [2]
(C:\Users\lalwa\AppData\Local\Programs\MiKTeX\tex/latex/lm\ts1lmr.fd) [3{C:/Use
rs/lalwa/AppData/Local/Programs/MiKTeX/fonts/enc/dvips/lm/lm-ts1.enc}] [4]
Chapter 2.

Package natbib Warning: Citation `papert1980' on page 5 undefined on input line
 217.


Package natbib Warning: Citation `tobin2017' on page 5 undefined on input line 
220.


Package natbib Warning: Citation `huang2023' on page 5 undefined on input line 
225.


Package natbib Warning: Citation `lee2025' on page 5 undefined on input line 22
5.


Package natbib Warning: Citation `lewis2020' on page 5 undefined on input line 
225.


Package natbib Warning: Citation `liang2023' on page 5 undefined on input line 
225.


Package natbib Warning: Citation `dossantos2026' on page 5 undefined on input l
ine 225.


Package natbib Warning: Citation `ahn2022' on page 5 undefined on input line 22
5.

[5]

Package natbib Warning: Citation `tao2024' on page 6 undefined on input line 22
7.


Package natbib Warning: Citation `shinn2023' on page 6 undefined on input line 
227.


Package natbib Warning: Citation `wang2023' on page 6 undefined on input line 2
27.


Package natbib Warning: Citation `wu2025' on page 6 undefined on input line 227
.


Package natbib Warning: Citation `cemri2025' on page 6 undefined on input line 
227.


Package natbib Warning: Citation `sun2025' on page 6 undefined on input line 22
7.


Package natbib Warning: Citation `khati2026' on page 6 undefined on input line 
227.


Package natbib Warning: Citation `reza2025' on page 6 undefined on input line 2
30.


Package natbib Warning: Citation `wang2026' on page 6 undefined on input line 2
30.

[6] [7]
Chapter 3.
(C:\Users\lalwa\AppData\Local\Programs\MiKTeX\tex/latex/lm\ot1lmr.fd)
(C:\Users\lalwa\AppData\Local\Programs\MiKTeX\tex/latex/lm\omllmm.fd)
(C:\Users\lalwa\AppData\Local\Programs\MiKTeX\tex/latex/lm\omslmsy.fd)
(C:\Users\lalwa\AppData\Local\Programs\MiKTeX\tex/latex/lm\omxlmex.fd)

LaTeX Warning: `h' float specifier changed to `ht'.

[8] [9] [10]
Chapter 4.
(C:\Users\lalwa\AppData\Local\Programs\MiKTeX\tex/latex/lm\t1lmtt.fd)

LaTeX Warning: Reference `fig:lab' on page 11 undefined on input line 299.


Underfull \hbox (badness 10000) in paragraph at lines 311--312
[]|\T1/lmtt/m/n/10 motion-model.js\T1/lmr/m/n/10 (+20) ,

Underfull \hbox (badness 10000) in paragraph at lines 312--313
[]|\T1/lmtt/m/n/10 specschema.js\T1/lmr/m/n/10 (+20) , \T1/lmtt/m/n/10 realism.
jsx\T1/lmr/m/n/10 (+20) ,

Underfull \hbox (badness 8170) in paragraph at lines 313--313
[]|\T1/lmr/m/n/10 (+20) Worlds, named mis-sion

Underfull \hbox (badness 1655) in paragraph at lines 313--313
\T1/lmr/m/n/10 (+20) sites, the natural-motion

Underfull \hbox (badness 10000) in paragraph at lines 313--314
[]|\T1/lmtt/m/n/10 Viewport3D.jsx\T1/lmr/m/n/10 (+20) , \T1/lmtt/m/n/10 terrain
s.jsx\T1/lmr/m/n/10 (+20) ,

LaTeX Warning: `h' float specifier changed to `ht'.

[11] [12] [13 <./img/robot_lab.png (PNG copy)>] [14]

LaTeX Warning: Reference `fig:city' on page 15 undefined on input line 356.

[15] [16 <./img/city_3d.png (PNG copy)>]
Chapter 5.
[17] [18{C:/Users/lalwa/AppData/Local/Programs/MiKTeX/fonts/enc/dvips/lm/lm-mat
hit.enc}{C:/Users/lalwa/AppData/Local/Programs/MiKTeX/fonts/enc/dvips/lm/lm-rm.
enc}{C:/Users/lalwa/AppData/Local/Programs/MiKTeX/fonts/enc/dvips/lm/lm-mathsy.
enc}] [19] [20] [21] [22] [23]
Chapter 6.

Underfull \hbox (badness 10000) in paragraph at lines 482--482
[]|\T1/lmr/m/n/10 (+20) KodroBench ground-ing
[24]

LaTeX Warning: Reference `tab:persona' on page 25 undefined on input line 499.

[25]

LaTeX Warning: Reference `tab:objeval' on page 26 undefined on input line 520.

[26] [27] [28] [29]
Underfull \hbox (badness 1430) in paragraph at lines 583--583
[][][]\T1/lmr/m/n/9 (+20) RoboEval and Code-Botler are pub-lished as open-sourc
e soft-ware at []$\T1/lmtt/m/n/9 https : / / amrl . cs . utexas . edu /

Package natbib Warning: Citation `tobin2017' on page 30 undefined on input line
 585.


Package natbib Warning: Citation `chen2021' on page 30 undefined on input line 
585.


LaTeX Warning: Reference `tab:kodrobench' on page 30 undefined on input line 58
5.


LaTeX Warning: `h' float specifier changed to `ht'.

[30] [31] [32] [33]
Chapter 7.
[34] [35] [36]
Chapter 8.
[37] [38] [39]
Appendix A.

Underfull \hbox (badness 10000) in paragraph at lines 749--749
[]|\T1/lmr/m/n/10 (+20) Shared mo-tion

Underfull \hbox (badness 1221) in paragraph at lines 749--750
[]|\T1/lmr/m/n/10 (+20) The sin-gle set of closed-form equa-tions and con-stant
s, mir-rored in
[40]
Appendix B.

Package natbib Warning: There were undefined citations.

[41] (Kodro_Dissertation.aux

Package natbib Warning: Citation(s) may have changed.
(natbib)                Rerun to get citations correct.

)

LaTeX Warning: There were undefined references.


LaTeX Warning: Label(s) may have changed. Rerun to get cross-references right.


Package rerunfilecheck Warning: File `Kodro_Dissertation.out' has changed.
(rerunfilecheck)                Rerun to get outlines right
(rerunfilecheck)                or use package `bookmark'.

 )
(see the transcript file for additional information)<C:/Users/lalwa/AppData/Loc
al/Programs/MiKTeX/fonts/type1/public/lm/lmbx10.pfb><C:/Users/lalwa/AppData/Loc
al/Programs/MiKTeX/fonts/type1/public/lm/lmbx12.pfb><C:/Users/lalwa/AppData/Loc
al/Programs/MiKTeX/fonts/type1/public/lm/lmcsc10.pfb><C:/Users/lalwa/AppData/Lo
cal/Programs/MiKTeX/fonts/type1/public/lm/lmmi10.pfb><C:/Users/lalwa/AppData/Lo
cal/Programs/MiKTeX/fonts/type1/public/lm/lmr10.pfb><C:/Users/lalwa/AppData/Loc
al/Programs/MiKTeX/fonts/type1/public/lm/lmr12.pfb><C:/Users/lalwa/AppData/Loca
l/Programs/MiKTeX/fonts/type1/public/lm/lmr6.pfb><C:/Users/lalwa/AppData/Local/
Programs/MiKTeX/fonts/type1/public/lm/lmr8.pfb><C:/Users/lalwa/AppData/Local/Pr
ograms/MiKTeX/fonts/type1/public/lm/lmr9.pfb><C:/Users/lalwa/AppData/Local/Prog
rams/MiKTeX/fonts/type1/public/lm/lmri10.pfb><C:/Users/lalwa/AppData/Local/Prog
rams/MiKTeX/fonts/type1/public/lm/lmri9.pfb><C:/Users/lalwa/AppData/Local/Progr
ams/MiKTeX/fonts/type1/public/lm/lmsy10.pfb><C:/Users/lalwa/AppData/Local/Progr
ams/MiKTeX/fonts/type1/public/lm/lmsy8.pfb><C:/Users/lalwa/AppData/Local/Progra
ms/MiKTeX/fonts/type1/public/lm/lmtk10.pfb><C:/Users/lalwa/AppData/Local/Progra
ms/MiKTeX/fonts/type1/public/lm/lmtt10.pfb><C:/Users/lalwa/AppData/Local/Progra
ms/MiKTeX/fonts/type1/public/lm/lmtt9.pfb><C:/Users/lalwa/AppData/Local/Program
s/MiKTeX/fonts/type1/public/lm/lmtti10.pfb>
Output written on Kodro_Dissertation.pdf (48 pages, 1099035 bytes).
Transcript written on Kodro_Dissertation.log.
pdflatex: major issue: So far, you have not checked for MiKTeX updates.
