\BOOKMARK [0][-]{Doc-Start}{\376\377\000D\000e\000c\000l\000a\000r\000a\000t\000i\000o\000n}{}% 1
\BOOKMARK [0][-]{paragraph*.1}{\376\377\000A\000b\000s\000t\000r\000a\000c\000t}{}% 2
\BOOKMARK [0][-]{paragraph*.1}{\376\377\000S\000t\000a\000t\000e\000m\000e\000n\000t\000\040\000o\000f\000\040\000E\000t\000h\000i\000c\000a\000l\000\040\000C\000o\000m\000p\000l\000i\000a\000n\000c\000e}{}% 3
\BOOKMARK [0][-]{paragraph*.1}{\376\377\000A\000c\000k\000n\000o\000w\000l\000e\000d\000g\000e\000m\000e\000n\000t\000s}{}% 4
\BOOKMARK [0][-]{chapter.1}{\376\377\000I\000n\000t\000r\000o\000d\000u\000c\000t\000i\000o\000n}{}% 5
\BOOKMARK [0][-]{chapter.2}{\376\377\000B\000a\000c\000k\000g\000r\000o\000u\000n\000d\000\040\000a\000n\000d\000\040\000R\000e\000l\000a\000t\000e\000d\000\040\000W\000o\000r\000k}{}% 6
\BOOKMARK [0][-]{chapter.3}{\376\377\000R\000e\000q\000u\000i\000r\000e\000m\000e\000n\000t\000s\000\040\000a\000n\000d\000\040\000A\000n\000a\000l\000y\000s\000i\000s}{}% 7
\BOOKMARK [0][-]{chapter.4}{\376\377\000D\000e\000s\000i\000g\000n\000\040\000a\000n\000d\000\040\000A\000r\000c\000h\000i\000t\000e\000c\000t\000u\000r\000e}{}% 8
\BOOKMARK [0][-]{chapter.5}{\376\377\000I\000m\000p\000l\000e\000m\000e\000n\000t\000a\000t\000i\000o\000n}{}% 9
\BOOKMARK [0][-]{chapter.6}{\376\377\000E\000v\000a\000l\000u\000a\000t\000i\000o\000n}{}% 10
\BOOKMARK [0][-]{chapter.7}{\376\377\000D\000i\000s\000c\000u\000s\000s\000i\000o\000n\000\040\000a\000n\000d\000\040\000L\000i\000m\000i\000t\000a\000t\000i\000o\000n\000s}{}% 11
\BOOKMARK [0][-]{chapter.8}{\376\377\000P\000r\000o\000f\000e\000s\000s\000i\000o\000n\000a\000l\000\040\000I\000s\000s\000u\000e\000s}{}% 12
\BOOKMARK [0][-]{chapter.9}{\376\377\000C\000o\000n\000c\000l\000u\000s\000i\000o\000n\000\040\000a\000n\000d\000\040\000F\000u\000t\000u\000r\000e\000\040\000W\000o\000r\000k}{}% 13
\BOOKMARK [0][-]{section*.8}{\376\377\000R\000e\000f\000e\000r\000e\000n\000c\000e\000s}{}% 14
\BOOKMARK [0][-]{appendix.A}{\376\377\000G\000l\000o\000s\000s\000a\000r\000y\000\040\000a\000n\000d\000\040\000A\000b\000b\000r\000e\000v\000i\000a\000t\000i\000o\000n\000s}{}% 15
\BOOKMARK [0][-]{appendix.B}{\376\377\000T\000h\000e\000\040\000C\000o\000m\000m\000a\000n\000d\000\040\000S\000u\000r\000f\000a\000c\000e\000\040\000a\000n\000d\000\040\000a\000\040\000F\000i\000r\000s\000t\000\040\000P\000r\000o\000g\000r\000a\000m}{}% 16
\BOOKMARK [0][-]{appendix.C}{\376\377\000F\000u\000n\000c\000t\000i\000o\000n\000a\000l\000\040\000R\000e\000q\000u\000i\000r\000e\000m\000e\000n\000t\000s\000\040\000i\000n\000\040\000F\000u\000l\000l}{}% 17
\BOOKMARK [0][-]{appendix.D}{\376\377\000A\000r\000c\000h\000i\000t\000e\000c\000t\000u\000r\000e\000\040\000R\000e\000f\000e\000r\000e\000n\000c\000e}{}% 18
\BOOKMARK [0][-]{appendix.E}{\376\377\000S\000u\000p\000p\000o\000r\000t\000i\000n\000g\000\040\000E\000v\000a\000l\000u\000a\000t\000i\000o\000n\000\040\000D\000a\000t\000a}{}% 19
\BOOKMARK [0][-]{appendix.F}{\376\377\000T\000h\000e\000\040\000A\000d\000v\000e\000r\000s\000a\000r\000i\000a\000l\000\040\000P\000a\000n\000e\000l\000,\000\040\000R\000o\000u\000n\000d\000\040\000b\000y\000\040\000R\000o\000u\000n\000d}{}% 20
\BOOKMARK [0][-]{appendix.G}{\376\377\000B\000C\000S\000\040\000C\000r\000i\000t\000e\000r\000i\000a\000\040\000T\000r\000a\000c\000e\000a\000b\000i\000l\000i\000t\000y}{}% 21
